Archive member included because of file (symbol)

c:/winavr/bin/../lib/gcc/avr/4.3.0/avr4\libgcc.a(_udivmodhi4.o)
                              putstr.o (__udivmodhi4)
c:/winavr/bin/../lib/gcc/avr/4.3.0/avr4\libgcc.a(_divmodhi4.o)
                              IMU.o (__divmodhi4)
c:/winavr/bin/../lib/gcc/avr/4.3.0/avr4\libgcc.a(_exit.o)
                              c:/winavr/bin/../lib/gcc/avr/4.3.0/../../../../avr/lib/avr4/crtm8.o (exit)
c:/winavr/bin/../lib/gcc/avr/4.3.0/avr4\libgcc.a(_copy_data.o)
                              eprom.o (__do_copy_data)
c:/winavr/bin/../lib/gcc/avr/4.3.0/avr4\libgcc.a(_clear_bss.o)
                              eprom.o (__do_clear_bss)

Allocating common symbols
Common symbol       size              file

Timer0_ticks        0x2               timer.o
Timer0_100hz_Flag   0x1               timer.o
encoder1_speed      0x2               encoder.o
odometer            0x4               encoder.o
Drive_Debug_Output  0x1               main.o
encoder1_count      0x2               encoder.o
Steer_Debug_Output  0x1               main.o
encoder1_dir        0x2               encoder.o
Timer2_ticks        0x2               timer.o

Memory Configuration

Name             Origin             Length             Attributes
text             0x00000000         0x00002000         xr
data             0x00800060         0x0000ffa0         rw !x
eeprom           0x00810000         0x00010000         rw !x
fuse             0x00820000         0x00000400         rw !x
lock             0x00830000         0x00000400         rw !x
signature        0x00840000         0x00000400         rw !x
*default*        0x00000000         0xffffffff

Linker script and memory map

LOAD c:/winavr/bin/../lib/gcc/avr/4.3.0/../../../../avr/lib/avr4/crtm8.o
LOAD eprom.o
LOAD UART.o
LOAD putstr.o
LOAD timer.o
LOAD encoder.o
LOAD motor.o
LOAD steering.o
LOAD a2d.o
LOAD IMU.o
LOAD main.o
LOAD c:/winavr/bin/../lib/gcc/avr/4.3.0/avr4\libgcc.a
LOAD c:/winavr/bin/../lib/gcc/avr/4.3.0/../../../../avr/lib/avr4\libc.a
LOAD c:/winavr/bin/../lib/gcc/avr/4.3.0/avr4\libgcc.a

.hash
 *(.hash)

.dynsym
 *(.dynsym)

.dynstr
 *(.dynstr)

.gnu.version
 *(.gnu.version)

.gnu.version_d
 *(.gnu.version_d)

.gnu.version_r
 *(.gnu.version_r)

.rel.init
 *(.rel.init)

.rela.init
 *(.rela.init)

.rel.text
 *(.rel.text)
 *(.rel.text.*)
 *(.rel.gnu.linkonce.t*)

.rela.text
 *(.rela.text)
 *(.rela.text.*)
 *(.rela.gnu.linkonce.t*)

.rel.fini
 *(.rel.fini)

.rela.fini
 *(.rela.fini)

.rel.rodata
 *(.rel.rodata)
 *(.rel.rodata.*)
 *(.rel.gnu.linkonce.r*)

.rela.rodata
 *(.rela.rodata)
 *(.rela.rodata.*)
 *(.rela.gnu.linkonce.r*)

.rel.data
 *(.rel.data)
 *(.rel.data.*)
 *(.rel.gnu.linkonce.d*)

.rela.data
 *(.rela.data)
 *(.rela.data.*)
 *(.rela.gnu.linkonce.d*)

.rel.ctors
 *(.rel.ctors)

.rela.ctors
 *(.rela.ctors)

.rel.dtors
 *(.rel.dtors)

.rela.dtors
 *(.rela.dtors)

.rel.got
 *(.rel.got)

.rela.got
 *(.rela.got)

.rel.bss
 *(.rel.bss)

.rela.bss
 *(.rela.bss)

.rel.plt
 *(.rel.plt)

.rela.plt
 *(.rela.plt)

.text           0x00000000     0x1be6
 *(.vectors)
 .vectors       0x00000000       0x26 c:/winavr/bin/../lib/gcc/avr/4.3.0/../../../../avr/lib/avr4/crtm8.o
                0x00000000                __vectors
                0x00000000                __vector_default
 *(.vectors)
 *(.progmem.gcc*)
 .progmem.gcc_sw_table
                0x00000026       0xa8 main.o
 *(.progmem*)
                0x000000ce                . = ALIGN (0x2)
                0x000000ce                __trampolines_start = .
 *(.trampolines)
 .trampolines   0x000000ce        0x0 linker stubs
 *(.trampolines*)
                0x000000ce                __trampolines_end = .
 *(.jumptables)
 *(.jumptables*)
 *(.lowtext)
 *(.lowtext*)
                0x000000ce                __ctors_start = .
 *(.ctors)
                0x000000ce                __ctors_end = .
                0x000000ce                __dtors_start = .
 *(.dtors)
                0x000000ce                __dtors_end = .
 SORT(*)(.ctors)
 SORT(*)(.dtors)
 *(.init0)
 .init0         0x000000ce        0x0 c:/winavr/bin/../lib/gcc/avr/4.3.0/../../../../avr/lib/avr4/crtm8.o
                0x000000ce                __init
 *(.init0)
 *(.init1)
 *(.init1)
 *(.init2)
 .init2         0x000000ce        0xc c:/winavr/bin/../lib/gcc/avr/4.3.0/../../../../avr/lib/avr4/crtm8.o
 *(.init2)
 *(.init3)
 *(.init3)
 *(.init4)
 .init4         0x000000da       0x16 c:/winavr/bin/../lib/gcc/avr/4.3.0/avr4\libgcc.a(_copy_data.o)
                0x000000da                __do_copy_data
 .init4         0x000000f0       0x10 c:/winavr/bin/../lib/gcc/avr/4.3.0/avr4\libgcc.a(_clear_bss.o)
                0x000000f0                __do_clear_bss
 *(.init4)
 *(.init5)
 *(.init5)
 *(.init6)
 *(.init6)
 *(.init7)
 *(.init7)
 *(.init8)
 *(.init8)
 *(.init9)
 .init9         0x00000100        0x4 c:/winavr/bin/../lib/gcc/avr/4.3.0/../../../../avr/lib/avr4/crtm8.o
 *(.init9)
 *(.text)
 .text          0x00000104        0x2 c:/winavr/bin/../lib/gcc/avr/4.3.0/../../../../avr/lib/avr4/crtm8.o
                0x00000104                __bad_interrupt
                0x00000104                __vector_6
                0x00000104                __vector_3
                0x00000104                __vector_13
                0x00000104                __vector_17
                0x00000104                __vector_7
                0x00000104                __vector_5
                0x00000104                __vector_2
                0x00000104                __vector_15
                0x00000104                __vector_8
                0x00000104                __vector_14
                0x00000104                __vector_10
                0x00000104                __vector_16
                0x00000104                __vector_18
 .text          0x00000106       0x22 eprom.o
                0x0000011a                eeprom_Read
                0x00000106                eeprom_Write
 .text          0x00000128      0x106 UART.o
                0x00000128                UART_Init
                0x0000018c                __vector_12
                0x000001e8                UART_ring_buf_byte
                0x00000148                __vector_11
                0x0000020a                UART_send_byte
                0x000001d6                UART_data_in_ring_buf
 .text          0x0000022e      0x2d4 putstr.o
                0x000004e6                putstr
                0x0000022e                putS16
                0x00000364                putint
                0x0000047e                putU8
 .text          0x00000502      0x116 timer.o
                0x00000602                Timer2_reset
                0x000005fa                Timer0_OFF
                0x000005aa                __vector_4
                0x00000502                __vector_9
                0x000005f2                Timer0_ON
                0x000005dc                Timer0_reset
                0x000005be                Timer0_Init
 .text          0x00000618       0xaa encoder.o
                0x00000618                __vector_1
                0x00000684                Encoder_Init
 .text          0x000006c2      0x63c motor.o
                0x0000071c                Set_Motor1_PWM
                0x000007d0                limit
                0x00000712                Set_Drive_Speed
                0x000007aa                Drive_set_dead_band
                0x0000094e                Get_Drive_Status
                0x000009a8                Motor_PWM_Init
                0x000007f4                Motor_read_PID_settings
                0x000007ca                Drive_set_Kd
                0x0000070c                write_steerPWM
                0x0000075c                Set_Motor2_PWM
                0x000006c2                Motor_clear_mcb
                0x00000876                Motor_save_PID_settings
                0x00000794                Drive_set_intLimit
                0x000007a4                Drive_set_max
                0x0000079e                Drive_set_min
                0x000007be                Drive_set_Kp
                0x000007c4                Drive_set_Ki
                0x00000706                write_drivePWM
                0x00000a4c                Drive_Servo_Task
                0x000007b4                Drive_set_integrator
                0x000008ae                Motor_dump_data
 .text          0x00000cfe      0x4ec steering.o
                0x00000ddc                Steering_dump_data
                0x00000f8e                Steering_save_PID_settings
                0x00000daa                Steering_set_Kd
                0x00000dd2                Steering_set_integrator
                0x00000cfe                Steering_Init
                0x00000d82                Steering_set_dead_band
                0x00000da0                Steering_set_Ki
                0x00000e98                Steering_Read_Position
                0x00000e50                Get_Steering_Status
                0x00000db4                Steering_set_min
                0x00000d8c                Steering_set_iLimit
                0x00000dbe                Steering_set_max
                0x00000dc8                Steering_set_accel
                0x00000eb0                Steering_read_PID_settings
                0x00000d96                Steering_set_Kp
                0x00001006                Steering_Servo_Task
                0x00000d78                Steering_Set_Target_Pos
 .text          0x000011ea       0x94 a2d.o
                0x0000125c                A2D_read_channel
                0x00001236                A2D_poll_adc
                0x000011ea                A2D_Init
 .text          0x0000127e      0x38a IMU.o
                0x0000127e                calc_check_sum
                0x00001298                check_sum_to_HexStr
                0x00001460                IMU_output_data_string
                0x000012fa                num_to_Str
                0x000013c6                Get_IMU_Data
 .text          0x00001608      0x58c main.o
                0x00001720                pause
                0x0000178a                process_command_string
                0x00001648                command_data
                0x000016ec                turn_LED
                0x00001a9e                main
                0x00001734                check_heart_beat
                0x00001a46                Init_Chip
                0x00001608                build_up_command_string
 .text          0x00001b94        0x0 c:/winavr/bin/../lib/gcc/avr/4.3.0/avr4\libgcc.a(_udivmodhi4.o)
 .text          0x00001b94        0x0 c:/winavr/bin/../lib/gcc/avr/4.3.0/avr4\libgcc.a(_divmodhi4.o)
 .text          0x00001b94        0x0 c:/winavr/bin/../lib/gcc/avr/4.3.0/avr4\libgcc.a(_exit.o)
 .text          0x00001b94        0x0 c:/winavr/bin/../lib/gcc/avr/4.3.0/avr4\libgcc.a(_copy_data.o)
 .text          0x00001b94        0x0 c:/winavr/bin/../lib/gcc/avr/4.3.0/avr4\libgcc.a(_clear_bss.o)
                0x00001b94                . = ALIGN (0x2)
 *(.text.*)
 .text.libgcc   0x00001b94       0x28 c:/winavr/bin/../lib/gcc/avr/4.3.0/avr4\libgcc.a(_udivmodhi4.o)
                0x00001b94                __udivmodhi4
 .text.libgcc   0x00001bbc       0x26 c:/winavr/bin/../lib/gcc/avr/4.3.0/avr4\libgcc.a(_divmodhi4.o)
                0x00001bbc                __divmodhi4
                0x00001bbc                _div
 .text.libgcc   0x00001be2        0x0 c:/winavr/bin/../lib/gcc/avr/4.3.0/avr4\libgcc.a(_exit.o)
 .text.libgcc   0x00001be2        0x0 c:/winavr/bin/../lib/gcc/avr/4.3.0/avr4\libgcc.a(_copy_data.o)
 .text.libgcc   0x00001be2        0x0 c:/winavr/bin/../lib/gcc/avr/4.3.0/avr4\libgcc.a(_clear_bss.o)
                0x00001be2                . = ALIGN (0x2)
 *(.fini9)
 .fini9         0x00001be2        0x0 c:/winavr/bin/../lib/gcc/avr/4.3.0/avr4\libgcc.a(_exit.o)
                0x00001be2                exit
                0x00001be2                _exit
 *(.fini9)
 *(.fini8)
 *(.fini8)
 *(.fini7)
 *(.fini7)
 *(.fini6)
 *(.fini6)
 *(.fini5)
 *(.fini5)
 *(.fini4)
 *(.fini4)
 *(.fini3)
 *(.fini3)
 *(.fini2)
 *(.fini2)
 *(.fini1)
 *(.fini1)
 *(.fini0)
 .fini0         0x00001be2        0x4 c:/winavr/bin/../lib/gcc/avr/4.3.0/avr4\libgcc.a(_exit.o)
 *(.fini0)
                0x00001be6                _etext = .

.data           0x00800060      0x298 load address 0x00001be6
                0x00800060                PROVIDE (__data_start, .)
 *(.data)
 .data          0x00800060        0x0 c:/winavr/bin/../lib/gcc/avr/4.3.0/../../../../avr/lib/avr4/crtm8.o
 .data          0x00800060        0x0 eprom.o
 .data          0x00800060        0x0 UART.o
 .data          0x00800060        0x0 putstr.o
 .data          0x00800060        0x0 timer.o
 .data          0x00800060        0x0 encoder.o
 .data          0x00800060       0xf6 motor.o
 .data          0x00800156       0xd9 steering.o
 .data          0x0080022f        0x0 a2d.o
 .data          0x0080022f       0x4a IMU.o
 .data          0x00800279       0x7f main.o
 .data          0x008002f8        0x0 c:/winavr/bin/../lib/gcc/avr/4.3.0/avr4\libgcc.a(_udivmodhi4.o)
 .data          0x008002f8        0x0 c:/winavr/bin/../lib/gcc/avr/4.3.0/avr4\libgcc.a(_divmodhi4.o)
 .data          0x008002f8        0x0 c:/winavr/bin/../lib/gcc/avr/4.3.0/avr4\libgcc.a(_exit.o)
 .data          0x008002f8        0x0 c:/winavr/bin/../lib/gcc/avr/4.3.0/avr4\libgcc.a(_copy_data.o)
 .data          0x008002f8        0x0 c:/winavr/bin/../lib/gcc/avr/4.3.0/avr4\libgcc.a(_clear_bss.o)
 *(.data*)
 *(.rodata)
 *(.rodata*)
 *(.gnu.linkonce.d*)
                0x008002f8                . = ALIGN (0x2)
                0x008002f8                _edata = .
                0x008002f8                PROVIDE (__data_end, .)

.bss            0x008002f8       0xaa load address 0x00001e7e
                0x008002f8                PROVIDE (__bss_start, .)
 *(.bss)
 .bss           0x008002f8        0x0 c:/winavr/bin/../lib/gcc/avr/4.3.0/../../../../avr/lib/avr4/crtm8.o
 .bss           0x008002f8        0x0 eprom.o
 .bss           0x008002f8       0x44 UART.o
 .bss           0x0080033c        0x0 putstr.o
 .bss           0x0080033c        0x0 timer.o
 .bss           0x0080033c        0x0 encoder.o
 .bss           0x0080033c       0x17 motor.o
 .bss           0x00800353       0x1a steering.o
 .bss           0x0080036d       0x10 a2d.o
 .bss           0x0080037d        0x0 IMU.o
 .bss           0x0080037d       0x14 main.o
                0x0080037d                doing_Speed_control
 .bss           0x00800391        0x0 c:/winavr/bin/../lib/gcc/avr/4.3.0/avr4\libgcc.a(_udivmodhi4.o)
 .bss           0x00800391        0x0 c:/winavr/bin/../lib/gcc/avr/4.3.0/avr4\libgcc.a(_divmodhi4.o)
 .bss           0x00800391        0x0 c:/winavr/bin/../lib/gcc/avr/4.3.0/avr4\libgcc.a(_exit.o)
 .bss           0x00800391        0x0 c:/winavr/bin/../lib/gcc/avr/4.3.0/avr4\libgcc.a(_copy_data.o)
 .bss           0x00800391        0x0 c:/winavr/bin/../lib/gcc/avr/4.3.0/avr4\libgcc.a(_clear_bss.o)
 *(.bss*)
 *(COMMON)
 COMMON         0x00800391        0x5 timer.o
                0x00800391                Timer0_ticks
                0x00800393                Timer0_100hz_Flag
                0x00800394                Timer2_ticks
 COMMON         0x00800396        0xa encoder.o
                0x00800396                encoder1_speed
                0x00800398                odometer
                0x0080039c                encoder1_count
                0x0080039e                encoder1_dir
 COMMON         0x008003a0        0x2 main.o
                0x008003a0                Drive_Debug_Output
                0x008003a1                Steer_Debug_Output
                0x008003a2                PROVIDE (__bss_end, .)
                0x00001be6                __data_load_start = LOADADDR (.data)
                0x00001e7e                __data_load_end = (__data_load_start + SIZEOF (.data))

.noinit         0x008003a2        0x0
                0x008003a2                PROVIDE (__noinit_start, .)
 *(.noinit*)
                0x008003a2                PROVIDE (__noinit_end, .)
                0x008003a2                _end = .
                0x008003a2                PROVIDE (__heap_start, .)

.eeprom         0x00810000        0x0
 *(.eeprom*)
                0x00810000                __eeprom_end = .

.fuse
 *(.fuse)
 *(.lfuse)
 *(.hfuse)
 *(.efuse)

.lock
 *(.lock*)

.signature
 *(.signature*)

.stab
 *(.stab)

.stabstr
 *(.stabstr)

.stab.excl
 *(.stab.excl)

.stab.exclstr
 *(.stab.exclstr)

.stab.index
 *(.stab.index)

.stab.indexstr
 *(.stab.indexstr)

.comment
 *(.comment)

.debug
 *(.debug)

.line
 *(.line)

.debug_srcinfo
 *(.debug_srcinfo)

.debug_sfnames
 *(.debug_sfnames)

.debug_aranges  0x00000000      0x140
 *(.debug_aranges)
 .debug_aranges
                0x00000000       0x20 eprom.o
 .debug_aranges
                0x00000020       0x20 UART.o
 .debug_aranges
                0x00000040       0x20 putstr.o
 .debug_aranges
                0x00000060       0x20 timer.o
 .debug_aranges
                0x00000080       0x20 encoder.o
 .debug_aranges
                0x000000a0       0x20 motor.o
 .debug_aranges
                0x000000c0       0x20 steering.o
 .debug_aranges
                0x000000e0       0x20 a2d.o
 .debug_aranges
                0x00000100       0x20 IMU.o
 .debug_aranges
                0x00000120       0x20 main.o

.debug_pubnames
                0x00000000      0x725
 *(.debug_pubnames)
 .debug_pubnames
                0x00000000       0x33 eprom.o
 .debug_pubnames
                0x00000033       0x84 UART.o
 .debug_pubnames
                0x000000b7       0x3d putstr.o
 .debug_pubnames
                0x000000f4       0xb7 timer.o
 .debug_pubnames
                0x000001ab       0x76 encoder.o
 .debug_pubnames
                0x00000221      0x1b8 motor.o
 .debug_pubnames
                0x000003d9      0x1ac steering.o
 .debug_pubnames
                0x00000585       0x45 a2d.o
 .debug_pubnames
                0x000005ca       0x78 IMU.o
 .debug_pubnames
                0x00000642       0xe3 main.o

.debug_info     0x00000000     0x1b8a
 *(.debug_info)
 .debug_info    0x00000000       0xc5 eprom.o
 .debug_info    0x000000c5      0x1e7 UART.o
 .debug_info    0x000002ac      0x164 putstr.o
 .debug_info    0x00000410      0x164 timer.o
 .debug_info    0x00000574      0x104 encoder.o
 .debug_info    0x00000678      0x820 motor.o
 .debug_info    0x00000e98      0x454 steering.o
 .debug_info    0x000012ec      0x10a a2d.o
 .debug_info    0x000013f6      0x329 IMU.o
 .debug_info    0x0000171f      0x46b main.o
 *(.gnu.linkonce.wi.*)

.debug_abbrev   0x00000000      0xaa5
 *(.debug_abbrev)
 .debug_abbrev  0x00000000       0x85 eprom.o
 .debug_abbrev  0x00000085       0xcd UART.o
 .debug_abbrev  0x00000152       0x9f putstr.o
 .debug_abbrev  0x000001f1       0x68 timer.o
 .debug_abbrev  0x00000259       0x88 encoder.o
 .debug_abbrev  0x000002e1      0x206 motor.o
 .debug_abbrev  0x000004e7      0x13f steering.o
 .debug_abbrev  0x00000626       0xbc a2d.o
 .debug_abbrev  0x000006e2      0x18a IMU.o
 .debug_abbrev  0x0000086c      0x239 main.o

.debug_line     0x00000000     0x208a
 *(.debug_line)
 .debug_line    0x00000000       0xc4 eprom.o
 .debug_line    0x000000c4      0x18b UART.o
 .debug_line    0x0000024f      0x260 putstr.o
 .debug_line    0x000004af      0x17c timer.o
 .debug_line    0x0000062b       0xf6 encoder.o
 .debug_line    0x00000721      0x876 motor.o
 .debug_line    0x00000f97      0x533 steering.o
 .debug_line    0x000014ca      0x112 a2d.o
 .debug_line    0x000015dc      0x33a IMU.o
 .debug_line    0x00001916      0x774 main.o

.debug_frame    0x00000000      0x550
 *(.debug_frame)
 .debug_frame   0x00000000       0x30 eprom.o
 .debug_frame   0x00000030       0x70 UART.o
 .debug_frame   0x000000a0       0x50 putstr.o
 .debug_frame   0x000000f0       0x80 timer.o
 .debug_frame   0x00000170       0x30 encoder.o
 .debug_frame   0x000001a0      0x160 motor.o
 .debug_frame   0x00000300      0x120 steering.o
 .debug_frame   0x00000420       0x40 a2d.o
 .debug_frame   0x00000460       0x60 IMU.o
 .debug_frame   0x000004c0       0x90 main.o

.debug_str      0x00000000      0x86d
 *(.debug_str)
 .debug_str     0x00000000       0x92 eprom.o
                                 0xc6 (size before relaxing)
 .debug_str     0x00000092       0xbc UART.o
                                0x14e (size before relaxing)
 .debug_str     0x0000014e       0x3b putstr.o
                                 0xcd (size before relaxing)
 .debug_str     0x00000189       0xb0 timer.o
                                0x15a (size before relaxing)
 .debug_str     0x00000239       0x34 encoder.o
                                0x109 (size before relaxing)
 .debug_str     0x0000026d      0x255 motor.o
                                0x334 (size before relaxing)
 .debug_str     0x000004c2      0x1e1 steering.o
                                0x2c1 (size before relaxing)
 .debug_str     0x000006a3       0x3d a2d.o
                                 0xe5 (size before relaxing)
 .debug_str     0x000006e0       0x68 IMU.o
                                0x129 (size before relaxing)
 .debug_str     0x00000748      0x125 main.o
                                0x22f (size before relaxing)

.debug_loc      0x00000000      0xe90
 *(.debug_loc)
 .debug_loc     0x00000000       0x18 eprom.o
 .debug_loc     0x00000018       0xd0 UART.o
 .debug_loc     0x000000e8      0x135 putstr.o
 .debug_loc     0x0000021d      0x3cd motor.o
 .debug_loc     0x000005ea      0x148 steering.o
 .debug_loc     0x00000732       0x61 a2d.o
 .debug_loc     0x00000793      0x304 IMU.o
 .debug_loc     0x00000a97      0x3f9 main.o

.debug_macinfo
 *(.debug_macinfo)
OUTPUT(dboard.elf elf32-avr)
LOAD linker stubs

.debug_ranges   0x00000000      0x128
 .debug_ranges  0x00000000       0x38 motor.o
 .debug_ranges  0x00000038       0x70 IMU.o
 .debug_ranges  0x000000a8       0x80 main.o

Cross Reference Table

Symbol                                            File
A2D_Init                                          a2d.o
                                                  main.o
A2D_poll_adc                                      a2d.o
                                                  main.o
A2D_read_channel                                  a2d.o
                                                  IMU.o
                                                  steering.o
                                                  motor.o
Drive_Debug_Output                                main.o
                                                  motor.o
Drive_Servo_Task                                  motor.o
                                                  main.o
Drive_set_Kd                                      motor.o
                                                  main.o
Drive_set_Ki                                      motor.o
                                                  main.o
Drive_set_Kp                                      motor.o
                                                  main.o
Drive_set_dead_band                               motor.o
                                                  main.o
Drive_set_intLimit                                motor.o
                                                  main.o
Drive_set_integrator                              motor.o
                                                  main.o
Drive_set_max                                     motor.o
                                                  main.o
Drive_set_min                                     motor.o
                                                  main.o
Encoder_Init                                      encoder.o
                                                  main.o
Get_Drive_Status                                  motor.o
                                                  main.o
Get_IMU_Data                                      IMU.o
                                                  main.o
Get_Steering_Status                               steering.o
                                                  main.o
IMU_output_data_string                            IMU.o
Init_Chip                                         main.o
Motor_PWM_Init                                    motor.o
                                                  main.o
Motor_clear_mcb                                   motor.o
Motor_dump_data                                   motor.o
                                                  main.o
Motor_read_PID_settings                           motor.o
                                                  main.o
Motor_save_PID_settings                           motor.o
                                                  main.o
Set_Drive_Speed                                   motor.o
                                                  main.o
Set_Motor1_PWM                                    motor.o
                                                  main.o
Set_Motor2_PWM                                    motor.o
                                                  main.o
                                                  steering.o
Steer_Debug_Output                                main.o
                                                  steering.o
Steering_Init                                     steering.o
                                                  main.o
Steering_Read_Position                            steering.o
Steering_Servo_Task                               steering.o
                                                  main.o
Steering_Set_Target_Pos                           steering.o
                                                  main.o
Steering_dump_data                                steering.o
                                                  main.o
Steering_read_PID_settings                        steering.o
                                                  main.o
Steering_save_PID_settings                        steering.o
                                                  main.o
Steering_set_Kd                                   steering.o
                                                  main.o
Steering_set_Ki                                   steering.o
                                                  main.o
Steering_set_Kp                                   steering.o
                                                  main.o
Steering_set_accel                                steering.o
                                                  main.o
Steering_set_dead_band                            steering.o
                                                  main.o
Steering_set_iLimit                               steering.o
Steering_set_integrator                           steering.o
                                                  main.o
Steering_set_max                                  steering.o
                                                  main.o
Steering_set_min                                  steering.o
                                                  main.o
Timer0_100hz_Flag                                 main.o
                                                  timer.o
Timer0_Init                                       timer.o
                                                  main.o
Timer0_OFF                                        timer.o
Timer0_ON                                         timer.o
Timer0_reset                                      timer.o
                                                  main.o
Timer0_ticks                                      main.o
                                                  timer.o
Timer2_reset                                      timer.o
Timer2_ticks                                      timer.o
UART_Init                                         UART.o
                                                  main.o
UART_data_in_ring_buf                             UART.o
                                                  main.o
UART_ring_buf_byte                                UART.o
                                                  main.o
UART_send_byte                                    UART.o
                                                  putstr.o
__bad_interrupt                                   c:/winavr/bin/../lib/gcc/avr/4.3.0/../../../../avr/lib/avr4/crtm8.o
__bss_end                                         c:/winavr/bin/../lib/gcc/avr/4.3.0/avr4\libgcc.a(_clear_bss.o)
__bss_start                                       c:/winavr/bin/../lib/gcc/avr/4.3.0/avr4\libgcc.a(_clear_bss.o)
__data_end                                        c:/winavr/bin/../lib/gcc/avr/4.3.0/avr4\libgcc.a(_copy_data.o)
__data_load_start                                 c:/winavr/bin/../lib/gcc/avr/4.3.0/avr4\libgcc.a(_copy_data.o)
__data_start                                      c:/winavr/bin/../lib/gcc/avr/4.3.0/avr4\libgcc.a(_copy_data.o)
__divmodhi4                                       c:/winavr/bin/../lib/gcc/avr/4.3.0/avr4\libgcc.a(_divmodhi4.o)
                                                  IMU.o
__do_clear_bss                                    c:/winavr/bin/../lib/gcc/avr/4.3.0/avr4\libgcc.a(_clear_bss.o)
                                                  main.o
                                                  IMU.o
                                                  a2d.o
                                                  steering.o
                                                  motor.o
                                                  encoder.o
                                                  timer.o
                                                  putstr.o
                                                  UART.o
                                                  eprom.o
__do_copy_data                                    c:/winavr/bin/../lib/gcc/avr/4.3.0/avr4\libgcc.a(_copy_data.o)
                                                  main.o
                                                  IMU.o
                                                  a2d.o
                                                  steering.o
                                                  motor.o
                                                  encoder.o
                                                  timer.o
                                                  putstr.o
                                                  UART.o
                                                  eprom.o
__heap_end                                        c:/winavr/bin/../lib/gcc/avr/4.3.0/../../../../avr/lib/avr4/crtm8.o
__init                                            c:/winavr/bin/../lib/gcc/avr/4.3.0/../../../../avr/lib/avr4/crtm8.o
__stack                                           c:/winavr/bin/../lib/gcc/avr/4.3.0/../../../../avr/lib/avr4/crtm8.o
__udivmodhi4                                      c:/winavr/bin/../lib/gcc/avr/4.3.0/avr4\libgcc.a(_udivmodhi4.o)
                                                  c:/winavr/bin/../lib/gcc/avr/4.3.0/avr4\libgcc.a(_divmodhi4.o)
                                                  putstr.o
__vector_1                                        encoder.o
                                                  c:/winavr/bin/../lib/gcc/avr/4.3.0/../../../../avr/lib/avr4/crtm8.o
__vector_10                                       c:/winavr/bin/../lib/gcc/avr/4.3.0/../../../../avr/lib/avr4/crtm8.o
__vector_11                                       UART.o
                                                  c:/winavr/bin/../lib/gcc/avr/4.3.0/../../../../avr/lib/avr4/crtm8.o
__vector_12                                       UART.o
                                                  c:/winavr/bin/../lib/gcc/avr/4.3.0/../../../../avr/lib/avr4/crtm8.o
__vector_13                                       c:/winavr/bin/../lib/gcc/avr/4.3.0/../../../../avr/lib/avr4/crtm8.o
__vector_14                                       c:/winavr/bin/../lib/gcc/avr/4.3.0/../../../../avr/lib/avr4/crtm8.o
__vector_15                                       c:/winavr/bin/../lib/gcc/avr/4.3.0/../../../../avr/lib/avr4/crtm8.o
__vector_16                                       c:/winavr/bin/../lib/gcc/avr/4.3.0/../../../../avr/lib/avr4/crtm8.o
__vector_17                                       c:/winavr/bin/../lib/gcc/avr/4.3.0/../../../../avr/lib/avr4/crtm8.o
__vector_18                                       c:/winavr/bin/../lib/gcc/avr/4.3.0/../../../../avr/lib/avr4/crtm8.o
__vector_2                                        c:/winavr/bin/../lib/gcc/avr/4.3.0/../../../../avr/lib/avr4/crtm8.o
__vector_3                                        c:/winavr/bin/../lib/gcc/avr/4.3.0/../../../../avr/lib/avr4/crtm8.o
__vector_4                                        timer.o
                                                  c:/winavr/bin/../lib/gcc/avr/4.3.0/../../../../avr/lib/avr4/crtm8.o
__vector_5                                        c:/winavr/bin/../lib/gcc/avr/4.3.0/../../../../avr/lib/avr4/crtm8.o
__vector_6                                        c:/winavr/bin/../lib/gcc/avr/4.3.0/../../../../avr/lib/avr4/crtm8.o
__vector_7                                        c:/winavr/bin/../lib/gcc/avr/4.3.0/../../../../avr/lib/avr4/crtm8.o
__vector_8                                        c:/winavr/bin/../lib/gcc/avr/4.3.0/../../../../avr/lib/avr4/crtm8.o
__vector_9                                        timer.o
                                                  c:/winavr/bin/../lib/gcc/avr/4.3.0/../../../../avr/lib/avr4/crtm8.o
__vector_default                                  c:/winavr/bin/../lib/gcc/avr/4.3.0/../../../../avr/lib/avr4/crtm8.o
__vectors                                         c:/winavr/bin/../lib/gcc/avr/4.3.0/../../../../avr/lib/avr4/crtm8.o
_div                                              c:/winavr/bin/../lib/gcc/avr/4.3.0/avr4\libgcc.a(_divmodhi4.o)
_exit                                             c:/winavr/bin/../lib/gcc/avr/4.3.0/avr4\libgcc.a(_exit.o)
build_up_command_string                           main.o
calc_check_sum                                    IMU.o
check_heart_beat                                  main.o
check_sum_to_HexStr                               IMU.o
command_data                                      main.o
doing_Speed_control                               main.o
eeprom_Read                                       eprom.o
                                                  steering.o
                                                  motor.o
eeprom_Write                                      eprom.o
                                                  steering.o
                                                  motor.o
encoder1_count                                    encoder.o
                                                  timer.o
encoder1_dir                                      encoder.o
                                                  timer.o
encoder1_speed                                    IMU.o
                                                  motor.o
                                                  encoder.o
                                                  timer.o
exit                                              c:/winavr/bin/../lib/gcc/avr/4.3.0/avr4\libgcc.a(_exit.o)
                                                  c:/winavr/bin/../lib/gcc/avr/4.3.0/../../../../avr/lib/avr4/crtm8.o
limit                                             motor.o
                                                  steering.o
main                                              main.o
                                                  c:/winavr/bin/../lib/gcc/avr/4.3.0/../../../../avr/lib/avr4/crtm8.o
num_to_Str                                        IMU.o
odometer                                          motor.o
                                                  encoder.o
pause                                             main.o
process_command_string                            main.o
putS16                                            putstr.o
                                                  main.o
                                                  IMU.o
                                                  steering.o
                                                  motor.o
putU8                                             putstr.o
putint                                            putstr.o
putstr                                            putstr.o
                                                  main.o
                                                  IMU.o
                                                  steering.o
                                                  motor.o
turn_LED                                          main.o
write_drivePWM                                    motor.o
write_steerPWM                                    motor.o
